---
source: src/ui/frames.rs
expression: "render(&mut app, 100, 30)"
---
╔═ S T A R / W I R E ════════════════════════════════════════════════════════════════════ sources ═╗
║                                                                                     add  refresh ║
║▸ sources › Tech › Hacker News                                                 4 feeds · 5 unread ║
╚══════════════════════════════════════════════════════════════════════════════════════════════════╝
╔═ ENTRIES — Hacker News ═══════════════════════════════════════════════════════════════ 1 unread ═╗
║                                                                                ‹  unread  filter ║
║▸ Hacker News › 1 of 1 · Why the borrow checker says no: a field guide to lifetimes       /borrow ║
║●  Why the borrow checker says no: a field guide to lifetimes                                  2h ║
║                                                                                                  ║
║                                                                                                  ║
║                                                                                                  ║
║                                                                                                  ║
║                                                                                                  ║
║                                                                                                  ║
║                                                                                                  ║
║                                                                                                  ║
║                                                                                                  ║
║                                                                                                  ║
║                                                                                                  ║
║                                                                                                  ║
║                                                                                                  ║
║                                                                                                  ║
║                                                                                                  ║
║                                                                                                  ║
╚══════════════════════════════════════════════════════════════════════════════════════════════════╝
╔═ READER ═════════════════════════════════════════════════════════════════════════════════════════╗
║                                                                                 ‹  star  browser ║
║                                           nothing open                                           ║
╚══════════════════════════════════════════════════════════════════════════════════════════════════╝
? help  enter keep  esc clear  alt+… still work                          Hacker News · 1/1 · 0%  off
